
Memory Configuration

Name             Origin             Length             Attributes
*default*        0x0000000000000000 0xffffffffffffffff

Linker script and memory map

LOAD ./pr2_lab.o
LOAD c:/software/electronica/eclipserv/sysgcc/bin/../lib/gcc/riscv64-unknown-elf/10.1.0/rv32im/ilp32\libgcc.a
START GROUP
LOAD c:/software/electronica/eclipserv/sysgcc/bin/../lib/gcc/riscv64-unknown-elf/10.1.0/../../../../riscv64-unknown-elf/lib/rv32im/ilp32\libc.a
LOAD c:/software/electronica/eclipserv/sysgcc/bin/../lib/gcc/riscv64-unknown-elf/10.1.0/../../../../riscv64-unknown-elf/lib/rv32im/ilp32\libgloss.a
END GROUP
LOAD c:/software/electronica/eclipserv/sysgcc/bin/../lib/gcc/riscv64-unknown-elf/10.1.0/rv32im/ilp32\libgcc.a
                0x0000000000000000                . = 0x0

.text           0x0000000000000000       0x78
 *(.text)
 .text          0x0000000000000000       0x78 ./pr2_lab.o
                0x0000000000000000                main
                0x0000000000010000                . = 0x10000

.data           0x0000000000010000       0x12
 *(.data)
 .data          0x0000000000010000       0x12 ./pr2_lab.o

.bss            0x0000000000010012        0x4
 *(.bss)
 .bss           0x0000000000010012        0x4 ./pr2_lab.o

.rodata
 *(.rodata)
                0x0000000000020000                _stack = 0x20000
OUTPUT(pr2_lab.elf elf32-littleriscv)

.riscv.attributes
                0x0000000000000000       0x1f
 .riscv.attributes
                0x0000000000000000       0x1f ./pr2_lab.o

.debug_line     0x0000000000000000       0xdb
 .debug_line    0x0000000000000000       0xdb ./pr2_lab.o

.debug_info     0x0000000000000000       0x26
 .debug_info    0x0000000000000000       0x26 ./pr2_lab.o

.debug_abbrev   0x0000000000000000       0x14
 .debug_abbrev  0x0000000000000000       0x14 ./pr2_lab.o

.debug_aranges  0x0000000000000000       0x20
 .debug_aranges
                0x0000000000000000       0x20 ./pr2_lab.o

.debug_str      0x0000000000000000       0x4f
 .debug_str     0x0000000000000000       0x4f ./pr2_lab.o
