
pr2_lab.elf:     file format elf32-littleriscv
pr2_lab.elf
architecture: riscv:rv32, flags 0x00000112:
EXEC_P, HAS_SYMS, D_PAGED
start address 0x00000000

Program Header:
    LOAD off    0x00001000 vaddr 0x00000000 paddr 0x00000000 align 2**12
         filesz 0x000000bc memsz 0x000000bc flags r-x
    LOAD off    0x00002000 vaddr 0x00010000 paddr 0x00010000 align 2**12
         filesz 0x00000020 memsz 0x00000024 flags rw-

Sections:
Idx Name              Size      VMA       LMA       File off  Algn  Flags
  0 .text             000000bc  00000000  00000000  00001000  2**2  CONTENTS, ALLOC, LOAD, READONLY, CODE
  1 .data             00000020  00010000  00010000  00002000  2**0  CONTENTS, ALLOC, LOAD, DATA
  2 .bss              00000004  00010020  00010020  00002020  2**0  ALLOC
  3 .riscv.attributes 0000001f  00000000  00000000  00002020  2**0  CONTENTS, READONLY
  4 .debug_line       0000013b  00000000  00000000  0000203f  2**0  CONTENTS, READONLY, DEBUGGING, OCTETS
  5 .debug_info       00000026  00000000  00000000  0000217a  2**0  CONTENTS, READONLY, DEBUGGING, OCTETS
  6 .debug_abbrev     00000014  00000000  00000000  000021a0  2**0  CONTENTS, READONLY, DEBUGGING, OCTETS
  7 .debug_aranges    00000020  00000000  00000000  000021b8  2**3  CONTENTS, READONLY, DEBUGGING, OCTETS
  8 .debug_str        0000004f  00000000  00000000  000021d8  2**0  CONTENTS, READONLY, DEBUGGING, OCTETS
SYMBOL TABLE:
00000000 l    d  .text	00000000 .text
00010000 l    d  .data	00000000 .data
00010020 l    d  .bss	00000000 .bss
00000000 l    d  .riscv.attributes	00000000 .riscv.attributes
00000000 l    d  .debug_line	00000000 .debug_line
00000000 l    d  .debug_info	00000000 .debug_info
00000000 l    d  .debug_abbrev	00000000 .debug_abbrev
00000000 l    d  .debug_aranges	00000000 .debug_aranges
00000000 l    d  .debug_str	00000000 .debug_str
00000000 l    df *ABS*	00000000 ./pr2_lab.o
00000004 l       *ABS*	00000000 N
00010000 l       .data	00000000 V
00010010 l       .data	00000000 W
00010020 l       .bss	00000000 res
00000030 l       .text	00000000 maxDist
0000002c l       .text	00000000 fin
00000060 l       .text	00000000 bucle
00000088 l       .text	00000000 return_md
000000ac l       .text	00000000 subabs
00000078 l       .text	00000000 nextiter
000000b8 l       .text	00000000 return_sa
00000000 g       .text	00000000 main
00020000 g       *ABS*	00000000 _stack



Disassembly of section .text:

00000000 <main>:
main():
D:\FC2practicasWS_2025\FC2practicasWS\pr2_lab\Debug/../pr2_lab.asm:26
W: .word 2, 5, -3, 0
.bss
res : .space 4
.text
main :
la sp , _stack // inicializa sp
   0:	00020117          	auipc	sp,0x20
   4:	00010113          	mv	sp,sp
D:\FC2practicasWS_2025\FC2practicasWS\pr2_lab\Debug/../pr2_lab.asm:27
la a0 , V //1er arg : dir de V
   8:	00010517          	auipc	a0,0x10
   c:	ff850513          	addi	a0,a0,-8 # 10000 <V>
D:\FC2practicasWS_2025\FC2practicasWS\pr2_lab\Debug/../pr2_lab.asm:28
la a1 , W //2o arg : dir de W
  10:	00010597          	auipc	a1,0x10
  14:	00058593          	mv	a1,a1
D:\FC2practicasWS_2025\FC2practicasWS\pr2_lab\Debug/../pr2_lab.asm:29
li a2 , N //3er arg : N
  18:	00400613          	li	a2,4
D:\FC2practicasWS_2025\FC2practicasWS\pr2_lab\Debug/../pr2_lab.asm:30
call maxDist // llamada a maxDist
  1c:	014000ef          	jal	ra,30 <maxDist>
D:\FC2practicasWS_2025\FC2practicasWS\pr2_lab\Debug/../pr2_lab.asm:31
la t0 , res
  20:	00010297          	auipc	t0,0x10
  24:	00028293          	mv	t0,t0
D:\FC2practicasWS_2025\FC2practicasWS\pr2_lab\Debug/../pr2_lab.asm:32
sw a0 , 0( t0) // guardado de res
  28:	00a2a023          	sw	a0,0(t0) # 10020 <res>

0000002c <fin>:
fin():
D:\FC2practicasWS_2025\FC2practicasWS\pr2_lab\Debug/../pr2_lab.asm:34
fin :
j fin
  2c:	0000006f          	j	2c <fin>

00000030 <maxDist>:
maxDist():
D:\FC2practicasWS_2025\FC2practicasWS\pr2_lab\Debug/../pr2_lab.asm:36
maxDist :
addi sp , sp , -24 // ///
  30:	fe810113          	addi	sp,sp,-24 # 1ffe8 <res+0xffc8>
D:\FC2practicasWS_2025\FC2practicasWS\pr2_lab\Debug/../pr2_lab.asm:37
sw ra , 20( sp) //
  34:	00112a23          	sw	ra,20(sp)
D:\FC2practicasWS_2025\FC2practicasWS\pr2_lab\Debug/../pr2_lab.asm:38
sw s0 , 16( sp) //
  38:	00812823          	sw	s0,16(sp)
D:\FC2practicasWS_2025\FC2practicasWS\pr2_lab\Debug/../pr2_lab.asm:39
sw s1 , 12( sp) // PRÓ LOGO
  3c:	00912623          	sw	s1,12(sp)
D:\FC2practicasWS_2025\FC2practicasWS\pr2_lab\Debug/../pr2_lab.asm:40
sw s2 , 8( sp) //
  40:	01212423          	sw	s2,8(sp)
D:\FC2practicasWS_2025\FC2practicasWS\pr2_lab\Debug/../pr2_lab.asm:41
sw s3 , 4( sp) //
  44:	01312223          	sw	s3,4(sp)
D:\FC2practicasWS_2025\FC2practicasWS\pr2_lab\Debug/../pr2_lab.asm:42
sw s4 , 0( sp) // ///
  48:	01412023          	sw	s4,0(sp)
D:\FC2practicasWS_2025\FC2practicasWS\pr2_lab\Debug/../pr2_lab.asm:43
li s0 , 0 // s0 guarda max
  4c:	00000413          	li	s0,0
D:\FC2practicasWS_2025\FC2practicasWS\pr2_lab\Debug/../pr2_lab.asm:44
li s1 , 0 // s1 guarda i
  50:	00000493          	li	s1,0
D:\FC2practicasWS_2025\FC2practicasWS\pr2_lab\Debug/../pr2_lab.asm:45
mv s2 , a0 // s2 guarda X
  54:	00050913          	mv	s2,a0
D:\FC2practicasWS_2025\FC2practicasWS\pr2_lab\Debug/../pr2_lab.asm:46
mv s3 , a1 // s3 guarda Y
  58:	00058993          	mv	s3,a1
D:\FC2practicasWS_2025\FC2practicasWS\pr2_lab\Debug/../pr2_lab.asm:47
mv s4 , a2 // s4 guarda n
  5c:	00060a13          	mv	s4,a2

00000060 <bucle>:
bucle():
D:\FC2practicasWS_2025\FC2practicasWS\pr2_lab\Debug/../pr2_lab.asm:49
bucle :
bge s1 , s4 , return_md
  60:	0344d463          	bge	s1,s4,88 <return_md>
D:\FC2practicasWS_2025\FC2practicasWS\pr2_lab\Debug/../pr2_lab.asm:50
lw a0 , 0( s2) //1er arg : X[i]
  64:	00092503          	lw	a0,0(s2)
D:\FC2practicasWS_2025\FC2practicasWS\pr2_lab\Debug/../pr2_lab.asm:51
lw a1 , 0( s3) //2o arg: Y[i]
  68:	0009a583          	lw	a1,0(s3)
D:\FC2practicasWS_2025\FC2practicasWS\pr2_lab\Debug/../pr2_lab.asm:52
call subabs // llamada a subabs
  6c:	040000ef          	jal	ra,ac <subabs>
D:\FC2practicasWS_2025\FC2practicasWS\pr2_lab\Debug/../pr2_lab.asm:53
ble a0 , s0 , nextiter
  70:	00a45463          	bge	s0,a0,78 <nextiter>
D:\FC2practicasWS_2025\FC2practicasWS\pr2_lab\Debug/../pr2_lab.asm:54
mv s0 , a0
  74:	00050413          	mv	s0,a0

00000078 <nextiter>:
nextiter():
D:\FC2practicasWS_2025\FC2practicasWS\pr2_lab\Debug/../pr2_lab.asm:56
nextiter :
addi s1 , s1 , 1 // actualizo iterador
  78:	00148493          	addi	s1,s1,1
D:\FC2practicasWS_2025\FC2practicasWS\pr2_lab\Debug/../pr2_lab.asm:57
addi s2 , s2 , 4 //X++
  7c:	00490913          	addi	s2,s2,4
D:\FC2practicasWS_2025\FC2practicasWS\pr2_lab\Debug/../pr2_lab.asm:58
addi s3 , s3 , 4 //Y++
  80:	00498993          	addi	s3,s3,4
D:\FC2practicasWS_2025\FC2practicasWS\pr2_lab\Debug/../pr2_lab.asm:59
j bucle // repito bucle
  84:	fddff06f          	j	60 <bucle>

00000088 <return_md>:
return_md():
D:\FC2practicasWS_2025\FC2practicasWS\pr2_lab\Debug/../pr2_lab.asm:61
return_md :
mv a0 , s0 // coloco valor de retorno
  88:	00040513          	mv	a0,s0
D:\FC2practicasWS_2025\FC2practicasWS\pr2_lab\Debug/../pr2_lab.asm:62
lw ra , 20( sp) // ///
  8c:	01412083          	lw	ra,20(sp)
D:\FC2practicasWS_2025\FC2practicasWS\pr2_lab\Debug/../pr2_lab.asm:63
lw s0 , 16( sp) //
  90:	01012403          	lw	s0,16(sp)
D:\FC2practicasWS_2025\FC2practicasWS\pr2_lab\Debug/../pr2_lab.asm:64
lw s1 , 12( sp) //
  94:	00c12483          	lw	s1,12(sp)
D:\FC2practicasWS_2025\FC2practicasWS\pr2_lab\Debug/../pr2_lab.asm:65
lw s2 , 8( sp) // EPÍ LOGO
  98:	00812903          	lw	s2,8(sp)
D:\FC2practicasWS_2025\FC2practicasWS\pr2_lab\Debug/../pr2_lab.asm:66
lw s3 , 4( sp) //
  9c:	00412983          	lw	s3,4(sp)
D:\FC2practicasWS_2025\FC2practicasWS\pr2_lab\Debug/../pr2_lab.asm:67
lw s4 , 0( sp) //
  a0:	00012a03          	lw	s4,0(sp)
D:\FC2practicasWS_2025\FC2practicasWS\pr2_lab\Debug/../pr2_lab.asm:68
addi sp , sp , 24 // ///
  a4:	01810113          	addi	sp,sp,24
D:\FC2practicasWS_2025\FC2practicasWS\pr2_lab\Debug/../pr2_lab.asm:69
ret // devuelvo control
  a8:	00008067          	ret

000000ac <subabs>:
subabs():
D:\FC2practicasWS_2025\FC2practicasWS\pr2_lab\Debug/../pr2_lab.asm:71
subabs :
sub a0 , a0 , a1 // calculo distancia
  ac:	40b50533          	sub	a0,a0,a1
D:\FC2practicasWS_2025\FC2practicasWS\pr2_lab\Debug/../pr2_lab.asm:72
bge a0 , zero , return_sa
  b0:	00055463          	bgez	a0,b8 <return_sa>
D:\FC2practicasWS_2025\FC2practicasWS\pr2_lab\Debug/../pr2_lab.asm:73
neg a0 , a0 // cambio a positivo
  b4:	40a00533          	neg	a0,a0

000000b8 <return_sa>:
return_sa():
D:\FC2practicasWS_2025\FC2practicasWS\pr2_lab\Debug/../pr2_lab.asm:75
return_sa:
ret // devuelvo valor en a0
  b8:	00008067          	ret
